// Jest Snapshot v1, https://goo.gl/fbAQLP

exports[`InvitedUserList should render correctly 1`] = `
<List>
  <Subheader
    inset={false}
  >
    Invited users
  </Subheader>
  <Divider
    inset={false}
  />
  <InvitedUserListItem
    onDelete={[Function]}
    user={
      Object {
        "email": "email@email.com",
        "id": 1,
        "name": "person",
      }
    }
  />
  <InvitedUserListItem
    onDelete={[Function]}
    user={
      Object {
        "email": "anotheremail@email.com",
        "id": 2,
        "name": "foo",
      }
    }
  />
</List>
`;
