// Jest Snapshot v1, https://goo.gl/fbAQLP

exports[`LandingWeddingPartyMember should render correctly 1`] = `
<styled.div>
  <styled.div
    imageUrl="http://image.png"
  />
  <styled.h1>
    Person
  </styled.h1>
  <styled.h3>
    "
    Title
    "
  </styled.h3>
  <styled.p>
    this is a person
  </styled.p>
</styled.div>
`;
